// Vitest Snapshot v1

exports[`codegen > element and interpolation 1`] = `
"
        const { toDisplayString : _toDisplayString, createElementVNode : _createElementVNode} = Vue 

      
return function render(_ctx) {return _createElementVNode('div', null, 'hi,' + _toDisplayString(_ctx.msg))}"
`;

exports[`codegen > interpolation module 1`] = `
"
        const { toDisplayString : _toDisplayString} = Vue 

      
return function render(_ctx) {return _toDisplayString(_ctx.hello)}"
`;

exports[`codegen > string 1`] = `
"
return function render(_ctx) {return 'hi'}"
`;
